{
  "documentInfo": {
    "brand": "Toyota",
    "documentDate": "2024-06-01",
    "currency": "DKK",
    "language": "da",
    "documentType": "private_leasing"
  },
  "vehicles": [
    {
      "model": "Aygo X",
      "leasePeriodMonths": 48,
      "powertrainType": "gasoline",
      "variants": [
        {
          "variantName": "X-trend CVT",
          "engineSpecification": "1.0 VVT-i - 72 hk",
          "transmission": "cvt",
          "pricing": {
            "monthlyPayment": 2899,
            "firstPayment": 8697,
            "annualKilometers": 15000,
            "co2TaxBiannual": 330
          },
          "specifications": {
            "fuelConsumptionKmpl": 18.5,
            "co2EmissionsGkm": 123,
            "energyLabel": "B",
            "horsePower": 72,
            "acceleration0to100": 14.5
          }
        },
        {
          "variantName": "X-cite CVT",
          "engineSpecification": "1.0 VVT-i - 72 hk",
          "transmission": "cvt",
          "pricing": {
            "monthlyPayment": 3199,
            "firstPayment": 9597,
            "annualKilometers": 15000,
            "co2TaxBiannual": 330
          },
          "specifications": {
            "fuelConsumptionKmpl": 18.5,
            "co2EmissionsGkm": 123,
            "energyLabel": "B",
            "horsePower": 72,
            "acceleration0to100": 14.5
          }
        },
        {
          "variantName": "X-clusiv CVT",
          "engineSpecification": "1.0 VVT-i - 72 hk",
          "transmission": "cvt",
          "pricing": {
            "monthlyPayment": 3399,
            "firstPayment": 10197,
            "annualKilometers": 15000,
            "co2TaxBiannual": 330
          },
          "specifications": {
            "fuelConsumptionKmpl": 18.5,
            "co2EmissionsGkm": 123,
            "energyLabel": "B",
            "horsePower": 72,
            "acceleration0to100": 14.5
          }
        }
      ]
    }
  ],
  "accessories": [
    {
      "packageName": "Vinterhjul 15\"",
      "monthlyCost": 299,
      "category": "wheels"
    },
    {
      "packageName": "Vinterhjul 16\"",
      "monthlyCost": 349,
      "category": "wheels"
    },
    {
      "packageName": "Alufælge 17\" sportspakke",
      "monthlyCost": 450,
      "category": "wheels"
    },
    {
      "packageName": "Service & Vedligeholdelse",
      "monthlyCost": 450,
      "category": "service"
    },
    {
      "packageName": "Kasko forsikring",
      "monthlyCost": 650,
      "category": "insurance"
    },
    {
      "packageName": "Ansvarsforsikring",
      "monthlyCost": 150,
      "category": "insurance"
    },
    {
      "packageName": "Metallic lak",
      "monthlyCost": 125,
      "category": "other"
    },
    {
      "packageName": "Tågelygter",
      "monthlyCost": 75,
      "category": "other"
    },
    {
      "packageName": "Aircondition",
      "monthlyCost": 200,
      "category": "other"
    }
  ],
  "metadata": {
    "extractionTimestamp": "2024-06-24T12:00:00.000Z",
    "documentPages": 1,
    "extractionWarnings": []
  }
}